              _             
             (_)            
   __ _ _ __  _ _ __   __ _ 
  / _` | '_ \| | '_ \ / _` |
 | (_| | | | | | | | | (_| |
  \__, |_| |_|_|_| |_|\__,_|
   __/ |                    
  |___/                     

gnina v1.0 HEAD:6381355   Built Mar  6 2021.
gnina is based on smina and AutoDock Vina.
Please cite appropriately.

Commandline: gnina -r 6td3_protein.pdb -l output/1-1_confs_0.sdf --autobox_ligand rc8.pdb --autobox_add 8 -o output/1-1_confs_0_dock_2.sdf --log output/1-1_confs_0_dock_2.out --exhaustiveness 10 --seed 2
Using random seed: 2

mode |  affinity  |    CNN     |   CNN
     | (kcal/mol) | pose score | affinity
-----+------------+------------+----------
    1       -8.15       0.3756      6.608
    2       -7.63       0.2152      6.220
    3       -7.94       0.1635      6.408
    4       -7.87       0.1622      6.228
    5       -8.60       0.1590      6.424
    6       -8.20       0.1552      6.456
    7       -7.87       0.1500      6.203
    8       -7.68       0.1382      6.188
    9       -8.46       0.1071      6.197
