              _             
             (_)            
   __ _ _ __  _ _ __   __ _ 
  / _` | '_ \| | '_ \ / _` |
 | (_| | | | | | | | | (_| |
  \__, |_| |_|_|_| |_|\__,_|
   __/ |                    
  |___/                     

gnina v1.0 HEAD:6381355   Built Mar  6 2021.
gnina is based on smina and AutoDock Vina.
Please cite appropriately.

Commandline: gnina -r 6td3_protein.pdb -l output/1-1_confs_0.sdf --autobox_ligand rc8.pdb --autobox_add 8 -o output/1-1_confs_0_dock.sdf --log output/1-1_confs_0_dock.out
Using random seed: 1143523872

mode |  affinity  |    CNN     |   CNN
     | (kcal/mol) | pose score | affinity
-----+------------+------------+----------
    1       -8.96       0.2733      6.996
    2       -8.47       0.2091      6.343
    3       -8.10       0.1615      6.466
    4       -8.02       0.1382      6.406
    5       -8.37       0.1271      6.347
    6       -7.57       0.0990      6.193
    7       -7.88       0.0922      5.830
    8       -7.96       0.0914      6.136
    9       -8.13       0.0879      6.341
