              _             
             (_)            
   __ _ _ __  _ _ __   __ _ 
  / _` | '_ \| | '_ \ / _` |
 | (_| | | | | | | | | (_| |
  \__, |_| |_|_|_| |_|\__,_|
   __/ |                    
  |___/                     

gnina v1.0 HEAD:6381355   Built Mar  6 2021.
gnina is based on smina and AutoDock Vina.
Please cite appropriately.

Commandline: gnina -r 6td3_protein.pdb -l output/1-1_confs_0.sdf --autobox_ligand rc8.pdb --autobox_add 8 -o output/1-1_confs_0_dock_1.sdf --log output/1-1_confs_0_dock_1.out --exhaustiveness 10 --seed 100
Using random seed: 100

mode |  affinity  |    CNN     |   CNN
     | (kcal/mol) | pose score | affinity
-----+------------+------------+----------
    1       -7.83       0.4197      6.366
    2       -7.77       0.2128      6.559
    3       -7.92       0.1632      6.234
    4       -8.28       0.1589      6.180
    5       -8.26       0.1556      6.435
    6       -8.64       0.1538      6.231
    7       -8.76       0.1493      5.930
    8       -8.20       0.1369      6.380
    9       -8.74       0.1335      6.191
