              _             
             (_)            
   __ _ _ __  _ _ __   __ _ 
  / _` | '_ \| | '_ \ / _` |
 | (_| | | | | | | | | (_| |
  \__, |_| |_|_|_| |_|\__,_|
   __/ |                    
  |___/                     

gnina v1.0 HEAD:6381355   Built Mar  6 2021.
gnina is based on smina and AutoDock Vina.
Please cite appropriately.

Commandline: gnina -r 6td3_protein.pdb -l output/1-1_confs_0.sdf --autobox_ligand rc8.pdb --autobox_add 8 -o output/1-1_confs_0_dock.sdf --log output/1-1_confs_0_dock.out
Using random seed: 730171448
