              _             
             (_)            
   __ _ _ __  _ _ __   __ _ 
  / _` | '_ \| | '_ \ / _` |
 | (_| | | | | | | | | (_| |
  \__, |_| |_|_|_| |_|\__,_|
   __/ |                    
  |___/                     

gnina v1.0 HEAD:6381355   Built Mar  6 2021.
gnina is based on smina and AutoDock Vina.
Please cite appropriately.

Commandline: gnina -r 6td3_protein.pdb -l output/1-1_confs_0.sdf --autobox_ligand rc8.pdb --autobox_add 8 -o output/1-1_confs_0_dock.sdf --log output/1-1_confs_0_dock.out
Using random seed: -972167736

mode |  affinity  |    CNN     |   CNN
     | (kcal/mol) | pose score | affinity
-----+------------+------------+----------
    1       -7.87       0.4632      6.424
    2       -7.73       0.1794      6.265
    3       -8.66       0.1476      6.219
    4       -7.70       0.1467      5.959
    5       -7.89       0.1437      6.341
    6       -8.30       0.1412      6.174
    7       -8.77       0.1366      6.181
    8       -8.54       0.1278      6.210
    9       -7.42       0.1181      6.221
