
          -------------------------------------------------------
          Amber 20 PMEMD                              2020
          -------------------------------------------------------

| PMEMD implementation of SANDER, Release 18

|  Compiled date/time: Wed Apr 12 15:28:05 2023
| Run on 08/07/2023 at 16:09:06

|   Executable path: pmemd.cuda
| Working directory: /home/pczbf/cdk_scripts/tests/output
|          Hostname: Unknown
  [-O]verwriting output

File Assignments:
|   MDIN: 08_equi.in                                                            
|  MDOUT: l23_equi2.out                                                         
| INPCRD: l23_equi.rst7                                                         
|   PARM: l23.parm7                                                             
| RESTRT: l23_equi2.rst7                                                        
|   REFC: refc                                                                  
|  MDVEL: mdvel                                                                 
|   MDEN: mden                                                                  
|  MDCRD: l23_equi2.nc                                                          
| MDINFO: mdinfo                                                                
|  MDFRC: mdfrc                                                                 


 Here is the input file:

NPT MD w/No position restraints and PME (sander)                               
 &cntrl                                                                        
  ntx    = 5,                                                                  
  irest  = 1,                                                                  
  ntpr   = 1000,                                                               
  ntwx   = 1000,                                                               
  ntwe   = 1000,                                                               
  ntwr   = 1000,                                                               
  ig     = -1,                                                                 
                                                                               
  ntf    = 1,                                                                  
  ntb    = 2,                                                                  
  ntp = 1, pres0 = 1.0, taup = 10.0, gamma_ln = 1.0,                           
  cut    = 12.0,                                                               
  iwrap  = 1,                                                                  
  nsnb   = 10,                                                                 
                                                                               
  nstlim = 2000,                                                               
  t      = 0.0,                                                                
  nscm   = 1000,                                                               
  dt     = 0.002,                                                              
                                                                               
  temp0  = 300.0,                                                              
  tempi  = 300.0,                                                              
  ntt    = 3,                                                                  
  tautp  = 2.0,                                                                
                                                                               
  ntc = 2, !Flag for SHAKE to perform bond length constraints. = 2 bonds involv
  iwrap=1, ioutfm=1, ntwv=-1,ntave=1000,                                       
&end                                                                           
 &ewald                                                                        
   skinnb=2, nfft1=96, nfft2=96, nfft3=96,                                     
 /                                                                             


Note: ig = -1. Setting random seed to   646077 based on wallclock time in 
      microseconds.
| irandom = 1, using AMBER's internal random number generator (default).
| INFO:    The nsnb ctrl option does not affect nonbonded list update frequency.
|          It does affect steepest descent minimization freq if ntmin == 0
 
|--------------------- INFORMATION ----------------------
| GPU (CUDA) Version of PMEMD in use: NVIDIA GPU IN USE.
|                    Version 18.0.0
| 
|                      03/25/2018
| 
| Implementation by:
|                    Ross C. Walker     (SDSC)
|                    Scott Le Grand     (nVIDIA)
| 
| Version 18 performance extensions by:
|                    David Cerutti     (Rutgers)
| 
| Precision model in use:
|      [SPFP] - Single Precision Forces, 64-bit Fixed Point
|               Accumulation. (Default)
| 
|--------------------------------------------------------
 
|----------------- CITATION INFORMATION -----------------
|
|    When publishing work that utilized the CUDA version
|    of AMBER, please cite the following in addition to
|    the regular AMBER citations:
|
|  - Romelia Salomon-Ferrer; Andreas W. Goetz; Duncan
|    Poole; Scott Le Grand; Ross C. Walker "Routine
|    microsecond molecular dynamics simulations with
|    AMBER - Part II: Particle Mesh Ewald", J. Chem.
|    Theory Comput., 2013, 9 (9), pp3878-3888,
|    DOI: 10.1021/ct400314y.
|
|  - Andreas W. Goetz; Mark J. Williamson; Dong Xu;
|    Duncan Poole; Scott Le Grand; Ross C. Walker
|    "Routine microsecond molecular dynamics simulations
|    with AMBER - Part I: Generalized Born", J. Chem.
|    Theory Comput., 2012, 8 (5), pp1542-1555.
|
|  - Scott Le Grand; Andreas W. Goetz; Ross C. Walker
|    "SPFP: Speed without compromise - a mixed precision
|    model for GPU accelerated molecular dynamics
|    simulations.", Comp. Phys. Comm., 2013, 184
|    pp374-380, DOI: 10.1016/j.cpc.2012.09.022
|
|--------------------------------------------------------
 
|------------------- GPU DEVICE INFO --------------------
|
|            CUDA_VISIBLE_DEVICES: not set
|   CUDA Capable Devices Detected:      1
|           CUDA Device ID in use:      0
|                CUDA Device Name: NVIDIA GeForce GTX 1660 SUPER
|     CUDA Device Global Mem Size:   5935 MB
| CUDA Device Num Multiprocessors:     22
|           CUDA Device Core Freq:   1.83 GHz
|
|--------------------------------------------------------
 
 
| Conditional Compilation Defines Used:
| PUBFFT
| BINTRAJ
| CUDA
| EMIL

| Largest sphere to fit in unit cell has radius =    29.514

| New format PARM file being parsed.
| Version =    1.000 Date = 07/21/23 Time = 13:22:33

| Note: 1-4 EEL scale factors are being read from the topology file.

| Note: 1-4 VDW scale factors are being read from the topology file.
| Duplicated    0 dihedrals

| Duplicated    0 dihedrals

--------------------------------------------------------------------------------
   1.  RESOURCE   USE: 
--------------------------------------------------------------------------------

 getting box info from netcdf restart file
 NATOM  =   23436 NTYPES =      19 NBONH =   22201 MBONA  =    1255
 NTHETH =    2793 MTHETA =    1688 NPHIH =    5667 MPHIA  =    5251
 NHPARM =       0 NPARM  =       0 NNB   =   41504 NRES   =    7143
 NBONA  =    1255 NTHETA =    1688 NPHIA =    5251 NUMBND =      89
 NUMANG =     196 NPTRA  =     207 NATYP =      49 NPHB   =       0
 IFBOX  =       1 NMXRS  =      43 IFCAP =       0 NEXTRA =       0
 NCOPY  =       0


| Coordinate Index Table dimensions:     8    9    8
| Direct force subcell size =     7.3785    7.0688    7.7793

     BOX TYPE: RECTILINEAR

--------------------------------------------------------------------------------
   2.  CONTROL  DATA  FOR  THE  RUN
--------------------------------------------------------------------------------

default_name                                                                    

General flags:
     imin    =       0, nmropt  =       0

Nature and format of input:
     ntx     =       5, irest   =       1, ntrx    =       1

Nature and format of output:
     ntxo    =       2, ntpr    =    1000, ntrx    =       1, ntwr    =    1000
     iwrap   =       1, ntwx    =    1000, ntwv    =      -1, ntwe    =    1000
     ioutfm  =       1, ntwprt  =       0, idecomp =       0, rbornstat=      0

Potential function:
     ntf     =       1, ntb     =       2, igb     =       0, nsnb    =      10
     ipol    =       0, gbsa    =       0, iesp    =       0
     dielc   =   1.00000, cut     =  12.00000, intdiel =   1.00000

Frozen or restrained atoms:
     ibelly  =       0, ntr     =       0

Molecular dynamics:
     nstlim  =      2000, nscm    =      1000, nrespa  =         1
     t       =   0.00000, dt      =   0.00200, vlimit  =  -1.00000

Langevin dynamics temperature regulation:
     ig      =  646077
     temp0   = 300.00000, tempi   = 300.00000, gamma_ln=   1.00000

Pressure regulation:
     ntp     =       1
     pres0   =   1.00000, comp    =  44.60000, taup    =  10.00000

SHAKE:
     ntc     =       2, jfastw  =       0
     tol     =   0.00001

| Intermolecular bonds treatment:
|     no_intermolecular_bonds =       1

| Energy averages sample interval:
|     ene_avg_sampling =       1

Ewald parameters:
     verbose =       0, ew_type =       0, nbflag  =       1, use_pme =       1
     vdwmeth =       1, eedmeth =       1, netfrc  =       1
     Box X =   59.028   Box Y =   63.619   Box Z =   62.234
     Alpha =   90.000   Beta  =   90.000   Gamma =   90.000
     NFFT1 =   96       NFFT2 =   96       NFFT3 =   96
     Cutoff=   12.000   Tol   =0.100E-04
     Ewald Coefficient =  0.22664
     Interpolation order =    4

--------------------------------------------------------------------------------
   3.  ATOMIC COORDINATES AND VELOCITIES
--------------------------------------------------------------------------------

default_name                                                                    
 begin time read from input coords = 11000.000 ps

 
 Number of triangulated 3-point waters found:     6989

     Sum of charges from parm topology file =  -0.00000108
     Forcing neutrality...

| Dynamic Memory, Types Used:
| Reals             1107376
| Integers           903754

| Nonbonded Pairs Initial Allocation:    14539694

| GPU memory information (estimate):
| KB of GPU memory in use:    242663
| KB of CPU memory in use:     75527

--------------------------------------------------------------------------------
   4.  RESULTS
--------------------------------------------------------------------------------


 NSTEP =     1000   TIME(PS) =   11002.000  TEMP(K) =   300.17  PRESS =   -83.6
 Etot   =    -59200.3322  EKtot   =     14347.7031  EPtot      =    -73548.0354
 BOND   =       505.8546  ANGLE   =      1298.9570  DIHED      =       798.8884
 UB     =         0.0000  IMP     =         0.0000  CMAP       =       152.1764
 1-4 NB =       556.5799  1-4 EEL =      4580.6591  VDWAALS    =      8500.5364
 EELEC  =    -89941.6872  EHBOND  =         0.0000  RESTRAINT  =         0.0000
 EKCMT  =      6305.4980  VIRIAL  =      6727.6576  VOLUME     =    233777.7818
                                                    Density    =         1.0194
 ------------------------------------------------------------------------------

|===============================================================================

      A V E R A G E S   O V E R    1000 S T E P S


 NSTEP =     1000   TIME(PS) =   11002.000  TEMP(K) =   298.71  PRESS =    33.2
 Etot   =    -59273.5321  EKtot   =     14278.0759  EPtot      =    -73551.6080
 BOND   =       489.1776  ANGLE   =      1268.4764  DIHED      =       802.6386
 UB     =         0.0000  IMP     =         0.0000  CMAP       =       157.3562
 1-4 NB =       562.3284  1-4 EEL =      4583.6904  VDWAALS    =      8523.3345
 EELEC  =    -89938.6101  EHBOND  =         0.0000  RESTRAINT  =         0.0000
 EKCMT  =      6240.3732  VIRIAL  =      6072.9121  VOLUME     =    233735.4386
                                                    Density    =         1.0196
 ------------------------------------------------------------------------------


      R M S  F L U C T U A T I O N S


 NSTEP =     1000   TIME(PS) =   11002.000  TEMP(K) =     1.94  PRESS =   149.2
 Etot   =        68.3170  EKtot   =        92.5237  EPtot      =        78.1363
 BOND   =        18.1906  ANGLE   =        25.7567  DIHED      =        13.3993
 UB     =         0.0000  IMP     =         0.0000  CMAP       =         4.6496
 1-4 NB =        10.1834  1-4 EEL =        27.0640  VDWAALS    =       104.1430
 EELEC  =       135.8889  EHBOND  =         0.0000  RESTRAINT  =         0.0000
 EKCMT  =        79.7135  VIRIAL  =       747.2090  VOLUME     =        36.0920
                                                    Density    =         0.0002
 ------------------------------------------------------------------------------

|===============================================================================

 NSTEP =     2000   TIME(PS) =   11004.000  TEMP(K) =   300.60  PRESS =  -245.3
 Etot   =    -59034.4536  EKtot   =     14368.2471  EPtot      =    -73402.7007
 BOND   =       463.2668  ANGLE   =      1271.1993  DIHED      =       800.4502
 UB     =         0.0000  IMP     =         0.0000  CMAP       =       165.6461
 1-4 NB =       559.4488  1-4 EEL =      4587.7176  VDWAALS    =      8262.2019
 EELEC  =    -89512.6314  EHBOND  =         0.0000  RESTRAINT  =         0.0000
 EKCMT  =      6292.6584  VIRIAL  =      7531.3689  VOLUME     =    233851.9323
                                                    Density    =         1.0190
 ------------------------------------------------------------------------------

|===============================================================================

      A V E R A G E S   O V E R    1000 S T E P S


 NSTEP =     2000   TIME(PS) =   11004.000  TEMP(K) =   300.48  PRESS =    36.4
 Etot   =    -59015.8841  EKtot   =     14362.7408  EPtot      =    -73378.6249
 BOND   =       484.8762  ANGLE   =      1257.4521  DIHED      =       801.7994
 UB     =         0.0000  IMP     =         0.0000  CMAP       =       162.3221
 1-4 NB =       560.5974  1-4 EEL =      4587.9996  VDWAALS    =      8436.8523
 EELEC  =    -89670.5238  EHBOND  =         0.0000  RESTRAINT  =         0.0000
 EKCMT  =      6290.6351  VIRIAL  =      6106.9192  VOLUME     =    233794.8049
                                                    Density    =         1.0193
 ------------------------------------------------------------------------------


      R M S  F L U C T U A T I O N S


 NSTEP =     2000   TIME(PS) =   11004.000  TEMP(K) =     1.61  PRESS =   172.1
 Etot   =        88.0467  EKtot   =        77.0047  EPtot      =        96.9652
 BOND   =        17.9807  ANGLE   =        24.9338  DIHED      =        15.0269
 UB     =         0.0000  IMP     =         0.0000  CMAP       =         4.6511
 1-4 NB =         9.3258  1-4 EEL =        27.0461  VDWAALS    =       116.5747
 EELEC  =       133.8282  EHBOND  =         0.0000  RESTRAINT  =         0.0000
 EKCMT  =        51.9893  VIRIAL  =       861.0835  VOLUME     =        43.5380
                                                    Density    =         0.0002
 ------------------------------------------------------------------------------

|===============================================================================

      A V E R A G E S   O V E R    2000 S T E P S


 NSTEP =     2000   TIME(PS) =   11004.000  TEMP(K) =   299.60  PRESS =    34.8
 Etot   =    -59144.7081  EKtot   =     14320.4083  EPtot      =    -73465.1165
 BOND   =       487.0269  ANGLE   =      1262.9642  DIHED      =       802.2190
 UB     =         0.0000  IMP     =         0.0000  CMAP       =       159.8391
 1-4 NB =       561.4629  1-4 EEL =      4585.8450  VDWAALS    =      8480.0934
 EELEC  =    -89804.5670  EHBOND  =         0.0000  RESTRAINT  =         0.0000
 EKCMT  =      6265.5042  VIRIAL  =      6089.9156  VOLUME     =    233765.1217
                                                    Density    =         1.0194
 ------------------------------------------------------------------------------


      R M S  F L U C T U A T I O N S


 NSTEP =     2000   TIME(PS) =   11004.000  TEMP(K) =     1.99  PRESS =   161.1
 Etot   =       151.0144  EKtot   =        95.0643  EPtot      =       123.4283
 BOND   =        18.2133  ANGLE   =        25.9410  DIHED      =        14.2425
 UB     =         0.0000  IMP     =         0.0000  CMAP       =         5.2717
 1-4 NB =         9.8023  1-4 EEL =        27.1407  VDWAALS    =       118.6908
 EELEC  =       190.1459  EHBOND  =         0.0000  RESTRAINT  =         0.0000
 EKCMT  =        71.8340  VIRIAL  =       806.3387  VOLUME     =        49.8014
                                                    Density    =         0.0002
 ------------------------------------------------------------------------------

--------------------------------------------------------------------------------
   5.  TIMINGS
--------------------------------------------------------------------------------

|  NonSetup CPU Time in Major Routines:
|
|     Routine           Sec        %
|     ------------------------------
|     Nonbond           2.84   88.71
|     Bond              0.00    0.00
|     Angle             0.00    0.00
|     Dihedral          0.00    0.00
|     Shake             0.00    0.16
|     RunMD             0.35   10.98
|     Other             0.00    0.15
|     ------------------------------
|     Total             3.20

|  PME Nonbond Pairlist CPU Time:
|
|     Routine              Sec        %
|     ---------------------------------
|     Set Up Cit           0.00    0.00
|     Build List           0.00    0.00
|     ---------------------------------
|     Total                0.00    0.00

|  PME Direct Force CPU Time:
|
|     Routine              Sec        %
|     ---------------------------------
|     NonBonded Calc       0.00    0.00
|     Exclude Masked       0.00    0.00
|     Other                0.00    0.10
|     ---------------------------------
|     Total                0.00    0.10

|  PME Reciprocal Force CPU Time:
|
|     Routine              Sec        %
|     ---------------------------------
|     1D bspline           0.00    0.00
|     Grid Charges         0.00    0.00
|     Scalar Sum           0.00    0.00
|     Gradient Sum         0.00    0.00
|     FFT                  0.00    0.00
|     ---------------------------------
|     Total                0.00    0.00

|  Final Performance Info:
|     -----------------------------------------------------
|     Average timings for last    1000 steps:
|     Elapsed(s) =       1.61 Per Step(ms) =       1.61
|         ns/day =     107.66   seconds/ns =     802.53
|
|     Average timings for all steps:
|     Elapsed(s) =       3.20 Per Step(ms) =       1.60
|         ns/day =     107.90   seconds/ns =     800.74
|     -----------------------------------------------------

|  Setup CPU time:            0.96 seconds
|  NonSetup CPU time:         3.20 seconds
|  Total CPU time:            4.16 seconds     0.00 hours

|  Setup wall time:           1    seconds
|  NonSetup wall time:        3    seconds
|  Total wall time:           4    seconds     0.00 hours
