
          -------------------------------------------------------
          Amber 20 PMEMD                              2020
          -------------------------------------------------------

| PMEMD implementation of SANDER, Release 18

|  Compiled date/time: Wed Apr 12 15:28:05 2023
| Run on 08/07/2023 at 16:09:17

|   Executable path: pmemd.cuda
| Working directory: /home/pczbf/cdk_scripts/tests/output
|          Hostname: Unknown
  [-O]verwriting output

File Assignments:
|   MDIN: 08_equi.in                                                            
|  MDOUT: l23_2_equi2.out                                                       
| INPCRD: l23_2_equi.rst7                                                       
|   PARM: l23.parm7                                                             
| RESTRT: l23_2_equi2.rst7                                                      
|   REFC: refc                                                                  
|  MDVEL: mdvel                                                                 
|   MDEN: mden                                                                  
|  MDCRD: l23_2_equi2.nc                                                        
| MDINFO: mdinfo                                                                
|  MDFRC: mdfrc                                                                 


 Here is the input file:

NPT MD w/No position restraints and PME (sander)                               
 &cntrl                                                                        
  ntx    = 5,                                                                  
  irest  = 1,                                                                  
  ntpr   = 1000,                                                               
  ntwx   = 1000,                                                               
  ntwe   = 1000,                                                               
  ntwr   = 1000,                                                               
  ig     = -1,                                                                 
                                                                               
  ntf    = 1,                                                                  
  ntb    = 2,                                                                  
  ntp = 1, pres0 = 1.0, taup = 10.0, gamma_ln = 1.0,                           
  cut    = 12.0,                                                               
  iwrap  = 1,                                                                  
  nsnb   = 10,                                                                 
                                                                               
  nstlim = 2000,                                                               
  t      = 0.0,                                                                
  nscm   = 1000,                                                               
  dt     = 0.002,                                                              
                                                                               
  temp0  = 300.0,                                                              
  tempi  = 300.0,                                                              
  ntt    = 3,                                                                  
  tautp  = 2.0,                                                                
                                                                               
  ntc = 2, !Flag for SHAKE to perform bond length constraints. = 2 bonds involv
  iwrap=1, ioutfm=1, ntwv=-1,ntave=1000,                                       
&end                                                                           
 &ewald                                                                        
   skinnb=2, nfft1=96, nfft2=96, nfft3=96,                                     
 /                                                                             


Note: ig = -1. Setting random seed to   324248 based on wallclock time in 
      microseconds.
| irandom = 1, using AMBER's internal random number generator (default).
| INFO:    The nsnb ctrl option does not affect nonbonded list update frequency.
|          It does affect steepest descent minimization freq if ntmin == 0
 
|--------------------- INFORMATION ----------------------
| GPU (CUDA) Version of PMEMD in use: NVIDIA GPU IN USE.
|                    Version 18.0.0
| 
|                      03/25/2018
| 
| Implementation by:
|                    Ross C. Walker     (SDSC)
|                    Scott Le Grand     (nVIDIA)
| 
| Version 18 performance extensions by:
|                    David Cerutti     (Rutgers)
| 
| Precision model in use:
|      [SPFP] - Single Precision Forces, 64-bit Fixed Point
|               Accumulation. (Default)
| 
|--------------------------------------------------------
 
|----------------- CITATION INFORMATION -----------------
|
|    When publishing work that utilized the CUDA version
|    of AMBER, please cite the following in addition to
|    the regular AMBER citations:
|
|  - Romelia Salomon-Ferrer; Andreas W. Goetz; Duncan
|    Poole; Scott Le Grand; Ross C. Walker "Routine
|    microsecond molecular dynamics simulations with
|    AMBER - Part II: Particle Mesh Ewald", J. Chem.
|    Theory Comput., 2013, 9 (9), pp3878-3888,
|    DOI: 10.1021/ct400314y.
|
|  - Andreas W. Goetz; Mark J. Williamson; Dong Xu;
|    Duncan Poole; Scott Le Grand; Ross C. Walker
|    "Routine microsecond molecular dynamics simulations
|    with AMBER - Part I: Generalized Born", J. Chem.
|    Theory Comput., 2012, 8 (5), pp1542-1555.
|
|  - Scott Le Grand; Andreas W. Goetz; Ross C. Walker
|    "SPFP: Speed without compromise - a mixed precision
|    model for GPU accelerated molecular dynamics
|    simulations.", Comp. Phys. Comm., 2013, 184
|    pp374-380, DOI: 10.1016/j.cpc.2012.09.022
|
|--------------------------------------------------------
 
|------------------- GPU DEVICE INFO --------------------
|
|            CUDA_VISIBLE_DEVICES: not set
|   CUDA Capable Devices Detected:      1
|           CUDA Device ID in use:      0
|                CUDA Device Name: NVIDIA GeForce GTX 1660 SUPER
|     CUDA Device Global Mem Size:   5935 MB
| CUDA Device Num Multiprocessors:     22
|           CUDA Device Core Freq:   1.83 GHz
|
|--------------------------------------------------------
 
 
| Conditional Compilation Defines Used:
| PUBFFT
| BINTRAJ
| CUDA
| EMIL

| Largest sphere to fit in unit cell has radius =    29.514

| New format PARM file being parsed.
| Version =    1.000 Date = 07/21/23 Time = 13:22:33

| Note: 1-4 EEL scale factors are being read from the topology file.

| Note: 1-4 VDW scale factors are being read from the topology file.
| Duplicated    0 dihedrals

| Duplicated    0 dihedrals

--------------------------------------------------------------------------------
   1.  RESOURCE   USE: 
--------------------------------------------------------------------------------

 getting box info from netcdf restart file
 NATOM  =   23436 NTYPES =      19 NBONH =   22201 MBONA  =    1255
 NTHETH =    2793 MTHETA =    1688 NPHIH =    5667 MPHIA  =    5251
 NHPARM =       0 NPARM  =       0 NNB   =   41504 NRES   =    7143
 NBONA  =    1255 NTHETA =    1688 NPHIA =    5251 NUMBND =      89
 NUMANG =     196 NPTRA  =     207 NATYP =      49 NPHB   =       0
 IFBOX  =       1 NMXRS  =      43 IFCAP =       0 NEXTRA =       0
 NCOPY  =       0


| Coordinate Index Table dimensions:     8    9    8
| Direct force subcell size =     7.3785    7.0688    7.7793

     BOX TYPE: RECTILINEAR

--------------------------------------------------------------------------------
   2.  CONTROL  DATA  FOR  THE  RUN
--------------------------------------------------------------------------------

default_name                                                                    

General flags:
     imin    =       0, nmropt  =       0

Nature and format of input:
     ntx     =       5, irest   =       1, ntrx    =       1

Nature and format of output:
     ntxo    =       2, ntpr    =    1000, ntrx    =       1, ntwr    =    1000
     iwrap   =       1, ntwx    =    1000, ntwv    =      -1, ntwe    =    1000
     ioutfm  =       1, ntwprt  =       0, idecomp =       0, rbornstat=      0

Potential function:
     ntf     =       1, ntb     =       2, igb     =       0, nsnb    =      10
     ipol    =       0, gbsa    =       0, iesp    =       0
     dielc   =   1.00000, cut     =  12.00000, intdiel =   1.00000

Frozen or restrained atoms:
     ibelly  =       0, ntr     =       0

Molecular dynamics:
     nstlim  =      2000, nscm    =      1000, nrespa  =         1
     t       =   0.00000, dt      =   0.00200, vlimit  =  -1.00000

Langevin dynamics temperature regulation:
     ig      =  324248
     temp0   = 300.00000, tempi   = 300.00000, gamma_ln=   1.00000

Pressure regulation:
     ntp     =       1
     pres0   =   1.00000, comp    =  44.60000, taup    =  10.00000

SHAKE:
     ntc     =       2, jfastw  =       0
     tol     =   0.00001

| Intermolecular bonds treatment:
|     no_intermolecular_bonds =       1

| Energy averages sample interval:
|     ene_avg_sampling =       1

Ewald parameters:
     verbose =       0, ew_type =       0, nbflag  =       1, use_pme =       1
     vdwmeth =       1, eedmeth =       1, netfrc  =       1
     Box X =   59.028   Box Y =   63.619   Box Z =   62.234
     Alpha =   90.000   Beta  =   90.000   Gamma =   90.000
     NFFT1 =   96       NFFT2 =   96       NFFT3 =   96
     Cutoff=   12.000   Tol   =0.100E-04
     Ewald Coefficient =  0.22664
     Interpolation order =    4

--------------------------------------------------------------------------------
   3.  ATOMIC COORDINATES AND VELOCITIES
--------------------------------------------------------------------------------

default_name                                                                    
 begin time read from input coords = 11000.000 ps

 
 Number of triangulated 3-point waters found:     6989

     Sum of charges from parm topology file =  -0.00000108
     Forcing neutrality...

| Dynamic Memory, Types Used:
| Reals             1107376
| Integers           903754

| Nonbonded Pairs Initial Allocation:    14539694

| GPU memory information (estimate):
| KB of GPU memory in use:    242663
| KB of CPU memory in use:     75527

--------------------------------------------------------------------------------
   4.  RESULTS
--------------------------------------------------------------------------------


 NSTEP =     1000   TIME(PS) =   11002.000  TEMP(K) =   299.55  PRESS =   354.9
 Etot   =    -59106.7071  EKtot   =     14318.3809  EPtot      =    -73425.0879
 BOND   =       482.3446  ANGLE   =      1248.1991  DIHED      =       800.8598
 UB     =         0.0000  IMP     =         0.0000  CMAP       =       165.6563
 1-4 NB =       558.4768  1-4 EEL =      4598.2550  VDWAALS    =      8626.4630
 EELEC  =    -89905.3427  EHBOND  =         0.0000  RESTRAINT  =         0.0000
 EKCMT  =      6255.4282  VIRIAL  =      4464.1875  VOLUME     =    233767.2883
                                                    Density    =         1.0194
 ------------------------------------------------------------------------------

|===============================================================================

      A V E R A G E S   O V E R    1000 S T E P S


 NSTEP =     1000   TIME(PS) =   11002.000  TEMP(K) =   298.68  PRESS =    28.6
 Etot   =    -59234.2755  EKtot   =     14276.7827  EPtot      =    -73511.0582
 BOND   =       480.3731  ANGLE   =      1270.3173  DIHED      =       804.9343
 UB     =         0.0000  IMP     =         0.0000  CMAP       =       158.3419
 1-4 NB =       561.9975  1-4 EEL =      4590.7726  VDWAALS    =      8499.6874
 EELEC  =    -89877.4822  EHBOND  =         0.0000  RESTRAINT  =         0.0000
 EKCMT  =      6250.0168  VIRIAL  =      6105.7426  VOLUME     =    233718.1043
                                                    Density    =         1.0196
 ------------------------------------------------------------------------------


      R M S  F L U C T U A T I O N S


 NSTEP =     1000   TIME(PS) =   11002.000  TEMP(K) =     1.54  PRESS =   196.3
 Etot   =        66.2215  EKtot   =        73.5975  EPtot      =        88.3111
 BOND   =        17.5176  ANGLE   =        23.8622  DIHED      =        13.4185
 UB     =         0.0000  IMP     =         0.0000  CMAP       =         4.7206
 1-4 NB =        10.1042  1-4 EEL =        24.1464  VDWAALS    =       153.3371
 EELEC  =       184.4752  EHBOND  =         0.0000  RESTRAINT  =         0.0000
 EKCMT  =        55.1522  VIRIAL  =       985.2091  VOLUME     =        17.6891
                                                    Density    =         0.0001
 ------------------------------------------------------------------------------

|===============================================================================

 NSTEP =     2000   TIME(PS) =   11004.000  TEMP(K) =   300.54  PRESS =    85.4
 Etot   =    -58874.0984  EKtot   =     14365.3711  EPtot      =    -73239.4695
 BOND   =       471.7596  ANGLE   =      1311.8428  DIHED      =       816.8429
 UB     =         0.0000  IMP     =         0.0000  CMAP       =       162.7815
 1-4 NB =       555.3152  1-4 EEL =      4574.0341  VDWAALS    =      8670.5543
 EELEC  =    -89802.6000  EHBOND  =         0.0000  RESTRAINT  =         0.0000
 EKCMT  =      6204.3112  VIRIAL  =      5773.0460  VOLUME     =    233810.2572
                                                    Density    =         1.0192
 ------------------------------------------------------------------------------

|===============================================================================

      A V E R A G E S   O V E R    1000 S T E P S


 NSTEP =     2000   TIME(PS) =   11004.000  TEMP(K) =   300.45  PRESS =    21.3
 Etot   =    -59031.6629  EKtot   =     14360.9593  EPtot      =    -73392.6222
 BOND   =       478.9020  ANGLE   =      1273.5515  DIHED      =       812.9295
 UB     =         0.0000  IMP     =         0.0000  CMAP       =       161.3350
 1-4 NB =       561.8264  1-4 EEL =      4590.0637  VDWAALS    =      8470.8044
 EELEC  =    -89742.0345  EHBOND  =         0.0000  RESTRAINT  =         0.0000
 EKCMT  =      6269.1592  VIRIAL  =      6161.4638  VOLUME     =    233766.0317
                                                    Density    =         1.0194
 ------------------------------------------------------------------------------


      R M S  F L U C T U A T I O N S


 NSTEP =     2000   TIME(PS) =   11004.000  TEMP(K) =     1.65  PRESS =   161.8
 Etot   =        67.4005  EKtot   =        78.8349  EPtot      =        76.1527
 BOND   =        17.9658  ANGLE   =        23.0800  DIHED      =        12.8879
 UB     =         0.0000  IMP     =         0.0000  CMAP       =         5.6741
 1-4 NB =         9.2808  1-4 EEL =        28.5811  VDWAALS    =       113.1391
 EELEC  =       137.2013  EHBOND  =         0.0000  RESTRAINT  =         0.0000
 EKCMT  =        56.9708  VIRIAL  =       803.6088  VOLUME     =        17.6183
                                                    Density    =         0.0001
 ------------------------------------------------------------------------------

|===============================================================================

      A V E R A G E S   O V E R    2000 S T E P S


 NSTEP =     2000   TIME(PS) =   11004.000  TEMP(K) =   299.56  PRESS =    25.0
 Etot   =    -59132.9692  EKtot   =     14318.8710  EPtot      =    -73451.8402
 BOND   =       479.6375  ANGLE   =      1271.9344  DIHED      =       808.9319
 UB     =         0.0000  IMP     =         0.0000  CMAP       =       159.8384
 1-4 NB =       561.9120  1-4 EEL =      4590.4181  VDWAALS    =      8485.2459
 EELEC  =    -89809.7584  EHBOND  =         0.0000  RESTRAINT  =         0.0000
 EKCMT  =      6259.5880  VIRIAL  =      6133.6032  VOLUME     =    233742.0680
                                                    Density    =         1.0195
 ------------------------------------------------------------------------------


      R M S  F L U C T U A T I O N S


 NSTEP =     2000   TIME(PS) =   11004.000  TEMP(K) =     1.82  PRESS =   179.9
 Etot   =       121.3550  EKtot   =        87.1044  EPtot      =       101.5176
 BOND   =        17.7584  ANGLE   =        23.5300  DIHED      =        13.7499
 UB     =         0.0000  IMP     =         0.0000  CMAP       =         5.4295
 1-4 NB =         9.7016  1-4 EEL =        26.4592  VDWAALS    =       135.5172
 EELEC  =       176.1084  EHBOND  =         0.0000  RESTRAINT  =         0.0000
 EKCMT  =        56.8799  VIRIAL  =       899.4378  VOLUME     =        29.7643
                                                    Density    =         0.0001
 ------------------------------------------------------------------------------

--------------------------------------------------------------------------------
   5.  TIMINGS
--------------------------------------------------------------------------------

|  NonSetup CPU Time in Major Routines:
|
|     Routine           Sec        %
|     ------------------------------
|     Nonbond           2.85   88.86
|     Bond              0.00    0.00
|     Angle             0.00    0.00
|     Dihedral          0.00    0.00
|     Shake             0.00    0.15
|     RunMD             0.35   10.84
|     Other             0.00    0.15
|     ------------------------------
|     Total             3.21

|  PME Nonbond Pairlist CPU Time:
|
|     Routine              Sec        %
|     ---------------------------------
|     Set Up Cit           0.00    0.00
|     Build List           0.00    0.00
|     ---------------------------------
|     Total                0.00    0.00

|  PME Direct Force CPU Time:
|
|     Routine              Sec        %
|     ---------------------------------
|     NonBonded Calc       0.00    0.00
|     Exclude Masked       0.00    0.00
|     Other                0.00    0.09
|     ---------------------------------
|     Total                0.00    0.09

|  PME Reciprocal Force CPU Time:
|
|     Routine              Sec        %
|     ---------------------------------
|     1D bspline           0.00    0.00
|     Grid Charges         0.00    0.00
|     Scalar Sum           0.00    0.00
|     Gradient Sum         0.00    0.00
|     FFT                  0.00    0.00
|     ---------------------------------
|     Total                0.00    0.00

|  Final Performance Info:
|     -----------------------------------------------------
|     Average timings for last    1000 steps:
|     Elapsed(s) =       1.60 Per Step(ms) =       1.60
|         ns/day =     107.67   seconds/ns =     802.48
|
|     Average timings for all steps:
|     Elapsed(s) =       3.21 Per Step(ms) =       1.60
|         ns/day =     107.72   seconds/ns =     802.09
|     -----------------------------------------------------

|  Setup CPU time:            1.04 seconds
|  NonSetup CPU time:         3.21 seconds
|  Total CPU time:            4.24 seconds     0.00 hours

|  Setup wall time:           1    seconds
|  NonSetup wall time:        4    seconds
|  Total wall time:           5    seconds     0.00 hours
